<html>
<body>
<pre>
<h1>µVision Build Log</h1>
<h2>Tool Versions:</h2>
IDE-Version: µVision V5.29.0.0
Copyright (C) 2019 ARM Ltd and ARM Germany GmbH. All rights reserved.
License Information: Nitin Pandit, RVCE, LIC=----
 
Tool Versions:
Toolchain:       MDK-Lite  Version: 5.29.0.0
Toolchain Path:  E:\Downloads\Keil uvision 5\ARM\ARMCC\Bin
C Compiler:      Armcc.exe V5.06 update 6 (build 750)
Assembler:       Armasm.exe V5.06 update 6 (build 750)
Linker/Locator:  ArmLink.exe V5.06 update 6 (build 750)
Library Manager: ArmAr.exe V5.06 update 6 (build 750)
Hex Converter:   FromElf.exe V5.06 update 6 (build 750)
CPU DLL:         SARM.DLL V5.29.0.0
Dialog DLL:      DARMP.DLL V1.53.0.0
Target DLL:      UL2ARM.DLL V1.74.10.0
Dialog DLL:      TARMP.DLL V1.53.0.0
 
<h2>Project:</h2>
E:\Nitin\RVCE\4 sem\Embedded systems\Programs\Part B\Home automation.uvproj
Project File Date:  05/24/2020

<h2>Output:</h2>
*** Using Compiler 'V5.06 update 6 (build 750)', folder: 'E:\Downloads\Keil uvision 5\ARM\ARMCC\Bin'
Build target 'Target 1'
compiling Automation.c...
Automation.c(5): warning:  #1295-D: Deprecated declaration plantWatering - give arg types
  void plantWatering();
Automation.c(8): warning:  #1295-D: Deprecated declaration doorOpening - give arg types
  void doorOpening();
Automation.c(9): warning:  #1295-D: Deprecated declaration beep - give arg types
  void beep();
Automation.c(16): warning:  #177-D: variable "val"  was declared but never referenced
   unsigned int val=0;
Automation.c(148): warning:  #111-D: statement is unreachable
  	return 0;
Automation.c(149): warning:  #1-D: last line of file ends without a newline
  }
Automation.c: 6 warnings, 0 errors
linking...
Program Size: Code=1924 RO-data=16 RW-data=0 ZI-data=1160  
FromELF: creating hex file...
".\Objects\Home automation.axf" - 0 Error(s), 6 Warning(s).
Build Time Elapsed:  00:00:00
</pre>
</body>
</html>
